Loaded 172 entries from solfege-ocr.json
  PROTECTED abc_notation (use --overwrite to replace): "Lancaster"
  + Updated: "Lancaster" [solfegeOcrText, abcSatb]
  PROTECTED abc_notation (use --overwrite to replace): "St. Anne"
  + Updated: "St. Anne" [solfegeOcrText, abcSatb]
  PROTECTED abc_notation (use --overwrite to replace): "Woodworth"
  + Updated: "Woodworth" [solfegeOcrText, abcSatb]
  PROTECTED abc_notation (use --overwrite to replace): "Lennox"
  + Updated: "Lennox" [solfegeOcrText, abcSatb]
  PROTECTED abc_notation (use --overwrite to replace): "Scarborough"
  + Updated: "Scarborough" [solfegeOcrText, abcSatb]
  PROTECTED abc_notation (use --overwrite to replace): "Sawley (start high)"
  + Updated: "Sawley (start high)" [solfegeOcrText, abcSatb]
  PROTECTED abc_notation (use --overwrite to replace): "Moravia"
  + Updated: "Moravia" [solfegeOcrText, abcSatb]
  PROTECTED abc_notation (use --overwrite to replace): "Arnold"
  + Updated: "Arnold" [solfegeOcrText, abcSatb]
  PROTECTED abc_notation (use --overwrite to replace): "Main"
  + Updated: "Main" [solfegeOcrText, abcSatb]
  PROTECTED abc_notation (use --overwrite to replace): "Contemplation"
  + Updated: "Contemplation" [solfegeOcrText, abcSatb]
  PROTECTED abc_notation (use --overwrite to replace): "Selma"
  + Updated: "Selma" [solfegeOcrText, abcSatb]
  PROTECTED abc_notation (use --overwrite to replace): "Newington"
  + Updated: "Newington" [solfegeOcrText, abcSatb]
  PROTECTED abc_notation (use --overwrite to replace): "Aspurg"
  + Updated: "Aspurg" [solfegeOcrText, abcSatb]
  PROTECTED abc_notation (use --overwrite to replace): "Southwark"
  + Updated: "Southwark" [solfegeOcrText, abcSatb]
  PROTECTED abc_notation (use --overwrite to replace): "St. Magnus"
  + Updated: "St. Magnus" [solfegeOcrText, abcSatb]
  PROTECTED abc_notation (use --overwrite to replace): "Old 134th"
  + Updated: "Old 134th" [solfegeOcrText, abcSatb]
  PROTECTED abc_notation (use --overwrite to replace): "Naomi"
  + Updated: "Naomi" [solfegeOcrText, abcSatb]
  PROTECTED abc_notation (use --overwrite to replace): "Belgrave"
  + Updated: "Belgrave" [solfegeOcrText, abcSatb]
  PROTECTED abc_notation (use --overwrite to replace): "New Lydia"
  + Updated: "New Lydia" [solfegeOcrText, abcSatb]
  PROTECTED abc_notation (use --overwrite to replace): "Aurelia"
  + Updated: "Aurelia" [solfegeOcrText, abcSatb]
  PROTECTED abc_notation (use --overwrite to replace): "Orlington"
  + Updated: "Orlington" [solfegeOcrText, abcSatb]
  PROTECTED abc_notation (use --overwrite to replace): "Old 100th"
  + Updated: "Old 100th" [solfegeOcrText, abcSatb]
  PROTECTED abc_notation (use --overwrite to replace): "Crimond"
  + Updated: "Crimond" [solfegeOcrText, abcSatb]
  PROTECTED abc_notation (use --overwrite to replace): "Huddersfield"
  + Updated: "Huddersfield" [solfegeOcrText, abcSatb]
  PROTECTED abc_notation (use --overwrite to replace): "Ravensburg"
  + Updated: "Ravensburg" [solfegeOcrText, abcSatb]
  PROTECTED abc_notation (use --overwrite to replace): "St. Peter"
  + Updated: "St. Peter" [solfegeOcrText, abcSatb]
  PROTECTED abc_notation (use --overwrite to replace): "Culross"
  + Updated: "Culross" [solfegeOcrText, abcSatb]
  PROTECTED abc_notation (use --overwrite to replace): "Elgin"
  + Updated: "Elgin" [solfegeOcrText, abcSatb]
  PROTECTED abc_notation (use --overwrite to replace): "Coleshill"
  + Updated: "Coleshill" [solfegeOcrText, abcSatb]
  PROTECTED abc_notation (use --overwrite to replace): "Old 124th"
  + Updated: "Old 124th" [solfegeOcrText, abcSatb]
  PROTECTED abc_notation (use --overwrite to replace): "Silchester"
  + Updated: "Silchester" [solfegeOcrText, abcSatb]
  PROTECTED abc_notation (use --overwrite to replace): "St. Bernard"
  + Updated: "St. Bernard" [solfegeOcrText, abcSatb]
  PROTECTED abc_notation (use --overwrite to replace): "Tiverton"
  + Updated: "Tiverton" [solfegeOcrText, abcSatb]
  PROTECTED abc_notation (use --overwrite to replace): "Stroudwater"
  + Updated: "Stroudwater" [solfegeOcrText, abcSatb]
  PROTECTED abc_notation (use --overwrite to replace): "Humility"
  + Updated: "Humility" [solfegeOcrText, abcSatb]
  PROTECTED abc_notation (use --overwrite to replace): "Bangor"
  + Updated: "Bangor" [solfegeOcrText, abcSatb]
  PROTECTED abc_notation (use --overwrite to replace): "French"
  + Updated: "French" [solfegeOcrText, abcSatb]
  PROTECTED abc_notation (use --overwrite to replace): "Kilmarnock"
  + Updated: "Kilmarnock" [solfegeOcrText, abcSatb]
  PROTECTED abc_notation (use --overwrite to replace): "Boswell"
  + Updated: "Boswell" [solfegeOcrText, abcSatb]
  PROTECTED abc_notation (use --overwrite to replace): "Stuttgart"
  + Updated: "Stuttgart" [solfegeOcrText, abcSatb]
  PROTECTED abc_notation (use --overwrite to replace): "St. Leonard"
  + Updated: "St. Leonard" [solfegeOcrText, abcSatb]
  PROTECTED abc_notation (use --overwrite to replace): "Wetherby"
  + Updated: "Wetherby" [solfegeOcrText, abcSatb]
  PROTECTED abc_notation (use --overwrite to replace): "Communion"
  + Updated: "Communion" [solfegeOcrText, abcSatb]
  PROTECTED abc_notation (use --overwrite to replace): "Darwall"
  + Updated: "Darwall" [solfegeOcrText, abcSatb]
  PROTECTED abc_notation (use --overwrite to replace): "St. Stephen"
  + Updated: "St. Stephen" [solfegeOcrText, abcSatb]
  PROTECTED abc_notation (use --overwrite to replace): "St. Andrew"
  + Updated: "St. Andrew" [solfegeOcrText, abcSatb]
  PROTECTED abc_notation (use --overwrite to replace): "St. John"
  + Updated: "St. John" [solfegeOcrText, abcSatb]
  PROTECTED abc_notation (use --overwrite to replace): "St. Mary"
  + Updated: "St. Mary" [solfegeOcrText, abcSatb]
  PROTECTED abc_notation (use --overwrite to replace): "Martyrdom"
  + Updated: "Martyrdom" [solfegeOcrText, abcSatb]
  PROTECTED abc_notation (use --overwrite to replace): "Trentham"
  + Updated: "Trentham" [solfegeOcrText, abcSatb]
  + Updated: "Praetorius" [abcNotation, solfegeOcrText, abcSatb]
  PROTECTED abc_notation (use --overwrite to replace): "Kredron (EPC chant?)"
  + Updated: "Kredron (EPC chant?)" [solfegeOcrText, abcSatb]
  PROTECTED abc_notation (use --overwrite to replace): "Cheshire (LRF??)"
  + Updated: "Cheshire (LRF??)" [solfegeOcrText, abcSatb]
  PROTECTED abc_notation (use --overwrite to replace): "Abbeyville"
  + Updated: "Abbeyville" [solfegeOcrText, abcSatb]
  PROTECTED abc_notation (use --overwrite to replace): "London New"
  + Updated: "London New" [solfegeOcrText, abcSatb]
  + Updated: "Jackson" [abcNotation, solfegeOcrText, abcSatb]
  + Updated: "St. Kilda" [abcNotation, solfegeOcrText, abcSatb]
  + Updated: "Corona" [abcNotation, solfegeOcrText, abcSatb]
  PROTECTED abc_notation (use --overwrite to replace): "Sheffield"
  + Updated: "Sheffield" [solfegeOcrText, abcSatb]
  PROTECTED abc_notation (use --overwrite to replace): "Old 29th"
  + Updated: "Old 29th" [solfegeOcrText, abcSatb]
  PROTECTED abc_notation (use --overwrite to replace): "Martyrs"
  + Updated: "Martyrs" [solfegeOcrText, abcSatb]
  PROTECTED abc_notation (use --overwrite to replace): "Stracathro"
  + Updated: "Stracathro" [solfegeOcrText, abcSatb]
  PROTECTED abc_notation (use --overwrite to replace): "Artaxerxes (EPC tune)"
  + Updated: "Artaxerxes (EPC tune)" [solfegeOcrText, abcSatb]
  PROTECTED abc_notation (use --overwrite to replace): "Eastgate (last line repeat for Ps 133)"
  + Updated: "Eastgate (last line repeat for Ps 133)" [solfegeOcrText, abcSatb]
  PROTECTED abc_notation (use --overwrite to replace): "Elijah"
  + Updated: "Elijah" [solfegeOcrText, abcSatb]
  PROTECTED abc_notation (use --overwrite to replace): "Richmond"
  + Updated: "Richmond" [solfegeOcrText, abcSatb]
  PROTECTED abc_notation (use --overwrite to replace): "Walton"
  + Updated: "Walton" [solfegeOcrText, abcSatb]
  PROTECTED abc_notation (use --overwrite to replace): "I Need Thee"
  + Updated: "I Need Thee" [solfegeOcrText, abcSatb]
  PROTECTED abc_notation (use --overwrite to replace): "Gabriel"
  + Updated: "Gabriel" [solfegeOcrText, abcSatb]
  PROTECTED abc_notation (use --overwrite to replace): "Gainsborough"
  + Updated: "Gainsborough" [solfegeOcrText, abcSatb]
  PROTECTED abc_notation (use --overwrite to replace): "Evan"
  + Updated: "Evan" [solfegeOcrText, abcSatb]
  PROTECTED abc_notation (use --overwrite to replace): "Leuchars"
  + Updated: "Leuchars" [solfegeOcrText, abcSatb]
  PROTECTED abc_notation (use --overwrite to replace): "Orton"
  + Updated: "Orton" [solfegeOcrText, abcSatb]
  PROTECTED abc_notation (use --overwrite to replace): "St. James"
  + Updated: "St. James" [solfegeOcrText, abcSatb]
  PROTECTED abc_notation (use --overwrite to replace): "Bishopthorpe"
  + Updated: "Bishopthorpe" [solfegeOcrText, abcSatb]

── Summary ──────────────────────────────────────────────────────
Updated:   75
Skipped:   97  (no_image, transcription_failure, or nothing to write)
Protected: 71  (already had abc_notation; use --overwrite to replace)
Failed:    0  (re-validation failure or DB mismatch)
────────────────────────────────────────────────────────────────
FAIL: fewer than 100 tunes updated — check solfege-ocr.json and DB connectivity
