DRY RUN — review JSONs only, no DB writes
Processing 12 tune(s)...
  [validation_failure] Crimond
  [validation_failure] Martyrdom
  [validation_failure] Old 100th
  [validation_failure] Crediton
  [validation_failure] Stracathro
  [validation_failure] Carlisle
  [validation_failure] Dennis
  [validation_failure] Franconia
  [validation_failure] Old 124th
  [validation_failure] Duke Street
  [validation_failure] Eastgate (last line repeat for Ps 133)
  [validation_failure] Woodworth

── Summary ─────────────────────────────────────────────────
  success              0
  no_db_row            0
  no_image             0
  no_syllables         0
  low_confidence       0
  validation_failure   12
────────────────────────────────────────────────────────────
